// Jest Snapshot v1, https://goo.gl/fbAQLP

exports[`<App /> Snapshot testing 1`] = `ShallowWrapper {}`;
